     1                                  ; file.asm - использование файлов в NASM
     2                                  extern printf
     3                                  extern fprintf
     4                                  
     5                                  extern PerimeterRectangle
     6                                  extern PerimeterTriangle
     7                                  extern PerimeterCircle
     8                                  
     9                                  extern RECTANGLE
    10                                  extern TRIANGLE
    11                                  extern CIRCLE
    12                                  
    13                                  ;----------------------------------------------
    14                                  ;// Вывод параметров прямоугольника в файл
    15                                  ;void OutRectangle(void *r, FILE *ofst) {
    16                                  ;    fprintf(ofst, "It is Rectangle: x1 = %d, y1 = %d, x2 = %d, y2 = %d, 
    17                                  ;            color = %d. Perimeter = %g\n", *((int*)r), *((int*)(r+intSize)), 
    18                                  ;            *((int*)(r+2*intSize)), *((int*)(r+3*intSize)), *((int*)(r+4*intSize)),
    19                                  ;            PerimeterRectangle(r));
    20                                  ;}
    21                                  ;----------------------------------------------
    22                                  global OutRectangle
    23                                  OutRectangle:
    24                                  section .data
    25 00000000 497420697320526563-         .outfmt db "It is Rectangle: x1 = %d, y1 = %d, x2 = %d, y2 = %d, color = %d. Perimeter = %g",10,0
    25 00000009 74616E676C653A2078-
    25 00000012 31203D2025642C2079-
    25 0000001B 31203D2025642C2078-
    25 00000024 32203D2025642C2079-
    25 0000002D 32203D2025642C2063-
    25 00000036 6F6C6F72203D202564-
    25 0000003F 2E20506572696D6574-
    25 00000048 6572203D2025670A00 
    26                                  section .bss
    27 00000000 <res 00000008>              .prect  resq  1
    28 00000008 <res 00000008>              .FILE   resq  1       ; временное хранение указателя на файл
    29 00000010 <res 00000008>              .p      resq  1       ; вычисленный периметр прямоугольника
    30                                  section .text
    31 00000000 55                      push rbp
    32 00000001 4889E5                  mov rbp, rsp
    33                                  
    34                                      ; Сохранение принятых аргументов
    35 00000004 48893C25[00000000]          mov     [.prect], rdi          ; сохраняется адрес прямоугольника
    36 0000000C 48893425[08000000]          mov     [.FILE], rsi          ; сохраняется указатель на файл
    37                                  
    38                                      ; Вычисление периметра прямоугольника (адрес уже в rdi)
    39 00000014 E8(00000000)                call    PerimeterRectangle
    40 00000019 F20F110425-                 movsd   [.p], xmm0          ; сохранение (может лишнее) периметра
    40 0000001E [10000000]         
    41                                  
    42                                      ; Вывод информации о прямоугольнике в файл
    43 00000022 488B3C25[08000000]          mov     rdi, [.FILE]
    44 0000002A 48BE-                       mov     rsi, .outfmt        ; Формат - 2-й аргумент
    44 0000002C [0000000000000000] 
    45 00000034 488B0425[00000000]          mov     rax, [.prect]        ; адрес прямоугольника
    46 0000003C 8B10                        mov     edx, [rax]          ; x1
    47 0000003E 8B4804                      mov     ecx, [rax+4]        ; y1
    48 00000041 4C8B4008                    mov     r8, [rax+8]         ; x2
    49 00000045 4C8B480C                    mov     r9, [rax+12]        ; y2
    50 00000049 4C8B5010                    mov     r10, [rax+16]       ; color
    51 0000004D F20F100425-                 movsd   xmm0, [.p]          ; perimeter
    51 00000052 [10000000]         
    52 00000056 B801000000                  mov     rax, 1              ; есть числа с плавающей точкой
    53 0000005B E8(00000000)                call    fprintf
    54                                  
    55 00000060 C9                      leave
    56 00000061 C3                      ret
    57                                  
    58                                  ;----------------------------------------------
    59                                  ; // Вывод параметров треугольника в файл
    60                                  ; void OutTriangle(void *t, FILE *ofst) {
    61                                  ;     fprintf(ofst, "It is Triangle: x1 = %d, y1 = %d, x2 = %d, y2 = %d, x3 = %d, y3 = %d, color = %d. Perimeter = %g\n",
    62                                  ;             *((int*)t), *((int*)(t+intSize)), *((int*)(t+2*intSize)), *((int*)(t+3*intSize)), *((int*)(t+4*intSize)),
    63                                  ;             *((int*)(t+5*intSize)), *((int*)(t+6*intSize)), PerimeterTriangle(t));
    64                                  ; }
    65                                  ;----------------------------------------------
    66                                  global OutTriangle
    67                                  OutTriangle:
    68                                  section .data
    69 00000051 497420697320547269-         .outfmt db "It is Triangle: x1 = %d, y1 = %d, x2 = %d, y2 = %d, x3 = %d, y3 = %d, color = %d. Perimeter = %g",10,0
    69 0000005A 616E676C653A207831-
    69 00000063 203D2025642C207931-
    69 0000006C 203D2025642C207832-
    69 00000075 203D2025642C207932-
    69 0000007E 203D2025642C207833-
    69 00000087 203D2025642C207933-
    69 00000090 203D2025642C20636F-
    69 00000099 6C6F72203D2025642E-
    69 000000A2 20506572696D657465-
    69 000000AB 72203D2025670A00   
    70                                  section .bss
    71 00000018 <res 00000008>              .ptrian  resq  1
    72 00000020 <res 00000008>              .FILE   resq  1       ; временное хранение указателя на файл
    73 00000028 <res 00000008>              .p      resq  1       ; вычисленный периметр треугольника
    74                                  section .text
    75 00000062 55                      push rbp
    76 00000063 4889E5                  mov rbp, rsp
    77                                  
    78                                      ; Сохранени принятых аргументов
    79 00000066 48893C25[18000000]          mov     [.ptrian], rdi        ; сохраняется адрес треугольника
    80 0000006E 48893425[20000000]          mov     [.FILE], rsi          ; сохраняется указатель на файл
    81                                  
    82                                      ; Вычисление периметра треугольника (адрес уже в rdi)
    83 00000076 E8(00000000)                call    PerimeterTriangle
    84 0000007B F20F110425-                 movsd   [.p], xmm0          ; сохранение (может лишнее) периметра
    84 00000080 [28000000]         
    85                                  
    86                                      ; Вывод информации о треугольнике в файл
    87 00000084 488B3C25[20000000]          mov     rdi, [.FILE]
    88 0000008C 48BE-                       mov     rsi, .outfmt        ; Формат - 2-й аргумент
    88 0000008E [5100000000000000] 
    89 00000096 488B0425[18000000]          mov     rax, [.ptrian]      ; адрес треугольника
    90 0000009E 8B10                        mov     edx, [rax]          ; x1
    91 000000A0 8B4804                      mov     ecx, [rax+4]        ; y1
    92 000000A3 4C8B4008                    mov      r8, [rax+8]        ; x2
    93 000000A7 4C8B480C                    mov     r9, [rax+12]       ; y2
    94 000000AB 4C8B5010                    mov     r10, [rax+16]       ; x3
    95 000000AF 4C8B5814                    mov     r11, [rax+20]       ; y3
    96 000000B3 4C8B6018                    mov     r12, [rax+24]       ; color
    97 000000B7 F20F100425-                 movsd   xmm0, [.p]          ; perimeter
    97 000000BC [28000000]         
    98 000000C0 B801000000                  mov     rax, 1              ; есть числа с плавающей точкой
    99 000000C5 E8(00000000)                call    fprintf
   100                                  
   101 000000CA C9                      leave
   102 000000CB C3                      ret
   103                                  
   104                                  ;----------------------------------------------
   105                                  ;// Вывод параметров прямоугольника в файл
   106                                  ;void OutCircle(void *c, FILE *ofst) {
   107                                  ;    fprintf(ofst, "It is Circle: x = %d, y = %d, r = %d, color = %d. Perimeter = %g\n", 
   108                                  ;            *((int*)r), *((int*)(r+intSize)), *((int*)(r+2*intSize)),
   109                                  ;            *((int*)(r+3*intSize)), PerimeterRectangle(r));
   110                                  ;}
   111                                  ;----------------------------------------------
   112                                  global OutCircle
   113                                  OutCircle:
   114                                  section .data
   115 000000B3 497420697320436972-         .outfmt db "It is Circle: x = %d, y = %d, r = %d, color = %d. Perimeter = %g",10,0
   115 000000BC 636C653A2078203D20-
   115 000000C5 25642C2079203D2025-
   115 000000CE 642C2072203D202564-
   115 000000D7 2C20636F6C6F72203D-
   115 000000E0 2025642E2050657269-
   115 000000E9 6D65746572203D2025-
   115 000000F2 670A00             
   116                                  section .bss
   117 00000030 <res 00000008>              .pcirc  resq  1
   118 00000038 <res 00000008>              .FILE   resq  1       ; временное хранение указателя на файл
   119 00000040 <res 00000008>              .p      resq  1       ; вычисленный периметр круга
   120                                  section .text
   121 000000CC 55                      push rbp
   122 000000CD 4889E5                  mov rbp, rsp
   123                                  
   124                                      ; Сохранение принятых аргументов
   125 000000D0 48893C25[30000000]          mov     [.pcirc], rdi          ; сохраняется адрес прямоугольника
   126 000000D8 48893425[38000000]          mov     [.FILE], rsi          ; сохраняется указатель на файл
   127                                  
   128                                      ; Вычисление периметра круга (адрес уже в rdi)
   129 000000E0 E8(00000000)                call    PerimeterCircle
   130 000000E5 F20F110425-                 movsd   [.p], xmm0          ; сохранение (может лишнее) периметра
   130 000000EA [40000000]         
   131                                  
   132                                      ; Вывод информации о круге в файл
   133 000000EE 488B3C25[38000000]          mov     rdi, [.FILE]
   134 000000F6 48BE-                       mov     rsi, .outfmt        ; Формат - 2-й аргумент
   134 000000F8 [B300000000000000] 
   135 00000100 488B0425[30000000]          mov     rax, [.pcirc]       ; адрес круга
   136 00000108 8B10                        mov     edx, [rax]          ; x
   137 0000010A 8B4804                      mov     ecx, [rax+4]        ; y
   138 0000010D 4C8B4008                    mov     r8, [rax+8]         ; r
   139 00000111 4C8B480C                    mov     r9, [rax+12]       ; color
   140 00000115 F20F100425-                 movsd   xmm0, [.p]          ; perimeter
   140 0000011A [40000000]         
   141 0000011E B801000000                  mov     rax, 1              ; есть числа с плавающей точкой
   142 00000123 E8(00000000)                call    fprintf
   143                                  
   144 00000128 C9                      leave
   145 00000129 C3                      ret
   146                                  
   147                                  ;----------------------------------------------
   148                                  ; // Вывод параметров текущей фигуры в файл
   149                                  ; void OutShape(void *s, FILE *ofst) {
   150                                  ;     int k = *((int*)s);
   151                                  ;     if(k == RECTANGLE) {
   152                                  ;         OutRectangle(s+intSize, ofst);
   153                                  ;     }
   154                                  ;     else if(k == TRIANGLE) {
   155                                  ;         OutTriangle(s+intSize, ofst);
   156                                  ;     }
   157                                  ;     else if(k == CIRCLE) {
   158                                  ;         OutCircle(s+intSize, ofst);
   159                                  ;     }
   160                                  ;     else {
   161                                  ;         fprintf(ofst, "Incorrect figure!\n");
   162                                  ;     }
   163                                  ; }
   164                                  ;----------------------------------------------
   165                                  global OutShape
   166                                  OutShape:
   167                                  section .data
   168 000000F5 496E636F7272656374-         .erShape db "Incorrect figure!",10,0
   168 000000FE 20666967757265210A-
   168 00000107 00                 
   169                                  section .text
   170 0000012A 55                      push rbp
   171 0000012B 4889E5                  mov rbp, rsp
   172                                  
   173                                      ; В rdi адрес фигуры
   174 0000012E 8B07                        mov eax, [rdi]
   175 00000130 3B0425[00000000]            cmp eax, [RECTANGLE]
   176 00000137 7428                        je rectOut
   177 00000139 3B0425[00000000]            cmp eax, [TRIANGLE]
   178 00000140 742A                        je trianOut
   179 00000142 3B0425[00000000]            cmp eax, [CIRCLE]
   180 00000149 742C                        je circOut
   181 0000014B 48BF-                       mov rdi, .erShape
   181 0000014D [F500000000000000] 
   182 00000155 B800000000                  mov rax, 0
   183 0000015A E8(00000000)                call fprintf
   184 0000015F EB21                        jmp     return
   185                                  rectOut:
   186                                      ; Вывод прямоугольника
   187 00000161 4883C704                    add     rdi, 4
   188 00000165 E896FEFFFF                  call    OutRectangle
   189 0000016A EB16                        jmp     return
   190                                  trianOut:
   191                                      ; Вывод треугольника
   192 0000016C 4883C704                    add     rdi, 4
   193 00000170 E8EDFEFFFF                  call    OutTriangle
   194 00000175 EB0B                        jmp     return
   195                                  circOut:
   196                                      ; Вывод круга
   197 00000177 4883C704                    add     rdi, 4
   198 0000017B E84CFFFFFF                  call    OutCircle
   199 00000180 EB00                        jmp     return
   200                                  return:
   201 00000182 C9                      leave
   202 00000183 C3                      ret
   203                                  
   204                                  ;----------------------------------------------
   205                                  ; // Вывод содержимого контейнера в файл
   206                                  ; void OutContainer(void *c, int len, FILE *ofst) {
   207                                  ;     void *tmp = c;
   208                                  ;     fprintf(ofst, "Container contains %d elements.\n", len);
   209                                  ;     for(int i = 0; i < len; i++) {
   210                                  ;         fprintf(ofst, "%d: ", i);
   211                                  ;         OutShape(tmp, ofst);
   212                                  ;         tmp = tmp + shapeSize;
   213                                  ;     }
   214                                  ; }
   215                                  ;----------------------------------------------
   216                                  global OutContainer
   217                                  OutContainer:
   218                                  section .data
   219 00000108 25643A2000                  numFmt  db  "%d: ",0
   220                                  section .bss
   221 00000048 <res 00000008>              .pcont  resq    1   ; адрес контейнера
   222 00000050 <res 00000004>              .len    resd    1   ; адрес для сохранения числа введенных элементов
   223 00000054 <res 00000008>              .FILE   resq    1   ; указатель на файл
   224                                  section .text
   225 00000184 55                      push rbp
   226 00000185 4889E5                  mov rbp, rsp
   227                                  
   228 00000188 48893C25[48000000]          mov [.pcont], rdi     ; сохраняется указатель на контейнер
   229 00000190 893425[50000000]            mov [.len],   esi     ; сохраняется число элементов
   230 00000197 48891425[54000000]          mov [.FILE],  rdx     ; сохраняется указатель на файл
   231                                  
   232                                      ; В rdi адрес начала контейнера
   233 0000019F 4889F3                      mov rbx, rsi            ; число фигур
   234 000001A2 31C9                        xor ecx, ecx            ; счетчик фигур = 0
   235 000001A4 4889D6                      mov rsi, rdx            ; перенос указателя на файл
   236                                  .loop:
   237 000001A7 39D9                        cmp ecx, ebx            ; проверка на окончание цикла
   238 000001A9 7D4D                        jge .return             ; Перебрали все фигуры
   239                                  
   240 000001AB 53                          push rbx
   241 000001AC 51                          push rcx
   242                                  
   243                                      ; Вывод номера фигуры
   244 000001AD 488B3C25[54000000]          mov     rdi, [.FILE]    ; текущий указатель на файл
   245 000001B5 48BE-                       mov     rsi, numFmt     ; формат для вывода фигуры
   245 000001B7 [0801000000000000] 
   246 000001BF 89CA                        mov     edx, ecx        ; индекс текущей фигуры
   247 000001C1 4831C0                      xor     rax, rax,       ; только целочисленные регистры
   248 000001C4 E8(00000000)                call fprintf
   249                                  
   250                                      ; Вывод текущей фигуры
   251 000001C9 488B3C25[48000000]          mov     rdi, [.pcont]
   252 000001D1 488B3425[54000000]          mov     rsi, [.FILE]
   253 000001D9 E84CFFFFFF                  call OutShape           ; Получение периметра первой фигуры
   254                                  
   255 000001DE 59                          pop rcx
   256 000001DF 5B                          pop rbx
   257 000001E0 FFC1                        inc ecx                 ; индекс следующей фигуры
   258                                  
   259 000001E2 488B0425[48000000]          mov     rax, [.pcont]
   260 000001EA 4883C020                    add     rax, 32      ; адрес следующей фигуры
   261 000001EE 48890425[48000000]          mov     [.pcont], rax
   262 000001F6 EBAF                        jmp .loop
   263                                  .return:
   264 000001F8 C9                      leave
   265 000001F9 C3                      ret
   266                                  
